Fortran NONE exists. Change Dir: '/home/runner/work/theblas/theblas/build-netlib/_deps/reference_lapack-build/INSTALL'

Run Build Command(s): /usr/local/bin/cmake -E env VERBOSE=1 /usr/bin/gmake -f Makefile secondtst_NONE
/usr/local/bin/cmake -S/home/runner/work/theblas/theblas/build-netlib/_deps/reference_lapack-src/INSTALL -B/home/runner/work/theblas/theblas/build-netlib/_deps/reference_lapack-build/INSTALL --check-build-system CMakeFiles/Makefile.cmake 0
/usr/bin/gmake  -f CMakeFiles/Makefile2 secondtst_NONE
gmake[1]: Entering directory '/home/runner/work/theblas/theblas/build-netlib/_deps/reference_lapack-build/INSTALL'
/usr/local/bin/cmake -S/home/runner/work/theblas/theblas/build-netlib/_deps/reference_lapack-src/INSTALL -B/home/runner/work/theblas/theblas/build-netlib/_deps/reference_lapack-build/INSTALL --check-build-system CMakeFiles/Makefile.cmake 0
/usr/local/bin/cmake -E cmake_progress_start /home/runner/work/theblas/theblas/build-netlib/_deps/reference_lapack-build/INSTALL/CMakeFiles 3
/usr/bin/gmake  -f CMakeFiles/Makefile2 CMakeFiles/secondtst_NONE.dir/all
gmake[2]: Entering directory '/home/runner/work/theblas/theblas/build-netlib/_deps/reference_lapack-build/INSTALL'
/usr/bin/gmake  -f CMakeFiles/secondtst_NONE.dir/build.make CMakeFiles/secondtst_NONE.dir/depend
gmake[3]: Entering directory '/home/runner/work/theblas/theblas/build-netlib/_deps/reference_lapack-build/INSTALL'
cd /home/runner/work/theblas/theblas/build-netlib/_deps/reference_lapack-build/INSTALL && /usr/local/bin/cmake -E cmake_depends "Unix Makefiles" /home/runner/work/theblas/theblas/build-netlib/_deps/reference_lapack-src/INSTALL /home/runner/work/theblas/theblas/build-netlib/_deps/reference_lapack-src/INSTALL /home/runner/work/theblas/theblas/build-netlib/_deps/reference_lapack-build/INSTALL /home/runner/work/theblas/theblas/build-netlib/_deps/reference_lapack-build/INSTALL /home/runner/work/theblas/theblas/build-netlib/_deps/reference_lapack-build/INSTALL/CMakeFiles/secondtst_NONE.dir/DependInfo.cmake
Dependee "/home/runner/work/theblas/theblas/build-netlib/_deps/reference_lapack-build/INSTALL/CMakeFiles/secondtst_NONE.dir/DependInfo.cmake" is newer than depender "/home/runner/work/theblas/theblas/build-netlib/_deps/reference_lapack-build/INSTALL/CMakeFiles/secondtst_NONE.dir/depend.internal".
Dependee "/home/runner/work/theblas/theblas/build-netlib/_deps/reference_lapack-build/INSTALL/CMakeFiles/CMakeDirectoryInformation.cmake" is newer than depender "/home/runner/work/theblas/theblas/build-netlib/_deps/reference_lapack-build/INSTALL/CMakeFiles/secondtst_NONE.dir/depend.internal".
Scanning dependencies of target secondtst_NONE
gmake[3]: Leaving directory '/home/runner/work/theblas/theblas/build-netlib/_deps/reference_lapack-build/INSTALL'
/usr/bin/gmake  -f CMakeFiles/secondtst_NONE.dir/build.make CMakeFiles/secondtst_NONE.dir/build
gmake[3]: Entering directory '/home/runner/work/theblas/theblas/build-netlib/_deps/reference_lapack-build/INSTALL'
[ 33%] Building Fortran object CMakeFiles/secondtst_NONE.dir/second_NONE.f.o
/usr/bin/gfortran   -frecursive -c /home/runner/work/theblas/theblas/build-netlib/_deps/reference_lapack-src/INSTALL/second_NONE.f -o CMakeFiles/secondtst_NONE.dir/second_NONE.f.o
[ 66%] Building Fortran object CMakeFiles/secondtst_NONE.dir/secondtst.f.o
/usr/bin/gfortran   -frecursive -c /home/runner/work/theblas/theblas/build-netlib/_deps/reference_lapack-src/INSTALL/secondtst.f -o CMakeFiles/secondtst_NONE.dir/secondtst.f.o
[100%] Linking Fortran executable secondtst_NONE
/usr/local/bin/cmake -E cmake_link_script CMakeFiles/secondtst_NONE.dir/link.txt --verbose=1
/usr/bin/gfortran CMakeFiles/secondtst_NONE.dir/second_NONE.f.o CMakeFiles/secondtst_NONE.dir/secondtst.f.o -o secondtst_NONE
gmake[3]: Leaving directory '/home/runner/work/theblas/theblas/build-netlib/_deps/reference_lapack-build/INSTALL'
[100%] Built target secondtst_NONE
gmake[2]: Leaving directory '/home/runner/work/theblas/theblas/build-netlib/_deps/reference_lapack-build/INSTALL'
/usr/local/bin/cmake -E cmake_progress_start /home/runner/work/theblas/theblas/build-netlib/_deps/reference_lapack-build/INSTALL/CMakeFiles 0
gmake[1]: Leaving directory '/home/runner/work/theblas/theblas/build-netlib/_deps/reference_lapack-build/INSTALL'

 

Fortran INT_CPU_TIME exists. Change Dir: '/home/runner/work/theblas/theblas/build-netlib/_deps/reference_lapack-build/INSTALL'

Run Build Command(s): /usr/local/bin/cmake -E env VERBOSE=1 /usr/bin/gmake -f Makefile secondtst_INT_CPU_TIME
/usr/local/bin/cmake -S/home/runner/work/theblas/theblas/build-netlib/_deps/reference_lapack-src/INSTALL -B/home/runner/work/theblas/theblas/build-netlib/_deps/reference_lapack-build/INSTALL --check-build-system CMakeFiles/Makefile.cmake 0
/usr/bin/gmake  -f CMakeFiles/Makefile2 secondtst_INT_CPU_TIME
gmake[1]: Entering directory '/home/runner/work/theblas/theblas/build-netlib/_deps/reference_lapack-build/INSTALL'
/usr/local/bin/cmake -S/home/runner/work/theblas/theblas/build-netlib/_deps/reference_lapack-src/INSTALL -B/home/runner/work/theblas/theblas/build-netlib/_deps/reference_lapack-build/INSTALL --check-build-system CMakeFiles/Makefile.cmake 0
/usr/local/bin/cmake -E cmake_progress_start /home/runner/work/theblas/theblas/build-netlib/_deps/reference_lapack-build/INSTALL/CMakeFiles 3
/usr/bin/gmake  -f CMakeFiles/Makefile2 CMakeFiles/secondtst_INT_CPU_TIME.dir/all
gmake[2]: Entering directory '/home/runner/work/theblas/theblas/build-netlib/_deps/reference_lapack-build/INSTALL'
/usr/bin/gmake  -f CMakeFiles/secondtst_INT_CPU_TIME.dir/build.make CMakeFiles/secondtst_INT_CPU_TIME.dir/depend
gmake[3]: Entering directory '/home/runner/work/theblas/theblas/build-netlib/_deps/reference_lapack-build/INSTALL'
cd /home/runner/work/theblas/theblas/build-netlib/_deps/reference_lapack-build/INSTALL && /usr/local/bin/cmake -E cmake_depends "Unix Makefiles" /home/runner/work/theblas/theblas/build-netlib/_deps/reference_lapack-src/INSTALL /home/runner/work/theblas/theblas/build-netlib/_deps/reference_lapack-src/INSTALL /home/runner/work/theblas/theblas/build-netlib/_deps/reference_lapack-build/INSTALL /home/runner/work/theblas/theblas/build-netlib/_deps/reference_lapack-build/INSTALL /home/runner/work/theblas/theblas/build-netlib/_deps/reference_lapack-build/INSTALL/CMakeFiles/secondtst_INT_CPU_TIME.dir/DependInfo.cmake
Dependee "/home/runner/work/theblas/theblas/build-netlib/_deps/reference_lapack-build/INSTALL/CMakeFiles/secondtst_INT_CPU_TIME.dir/DependInfo.cmake" is newer than depender "/home/runner/work/theblas/theblas/build-netlib/_deps/reference_lapack-build/INSTALL/CMakeFiles/secondtst_INT_CPU_TIME.dir/depend.internal".
Dependee "/home/runner/work/theblas/theblas/build-netlib/_deps/reference_lapack-build/INSTALL/CMakeFiles/CMakeDirectoryInformation.cmake" is newer than depender "/home/runner/work/theblas/theblas/build-netlib/_deps/reference_lapack-build/INSTALL/CMakeFiles/secondtst_INT_CPU_TIME.dir/depend.internal".
Scanning dependencies of target secondtst_INT_CPU_TIME
gmake[3]: Leaving directory '/home/runner/work/theblas/theblas/build-netlib/_deps/reference_lapack-build/INSTALL'
/usr/bin/gmake  -f CMakeFiles/secondtst_INT_CPU_TIME.dir/build.make CMakeFiles/secondtst_INT_CPU_TIME.dir/build
gmake[3]: Entering directory '/home/runner/work/theblas/theblas/build-netlib/_deps/reference_lapack-build/INSTALL'
[ 33%] Building Fortran object CMakeFiles/secondtst_INT_CPU_TIME.dir/second_INT_CPU_TIME.f.o
/usr/bin/gfortran   -frecursive -c /home/runner/work/theblas/theblas/build-netlib/_deps/reference_lapack-src/INSTALL/second_INT_CPU_TIME.f -o CMakeFiles/secondtst_INT_CPU_TIME.dir/second_INT_CPU_TIME.f.o
[ 66%] Building Fortran object CMakeFiles/secondtst_INT_CPU_TIME.dir/secondtst.f.o
/usr/bin/gfortran   -frecursive -c /home/runner/work/theblas/theblas/build-netlib/_deps/reference_lapack-src/INSTALL/secondtst.f -o CMakeFiles/secondtst_INT_CPU_TIME.dir/secondtst.f.o
[100%] Linking Fortran executable secondtst_INT_CPU_TIME
/usr/local/bin/cmake -E cmake_link_script CMakeFiles/secondtst_INT_CPU_TIME.dir/link.txt --verbose=1
/usr/bin/gfortran CMakeFiles/secondtst_INT_CPU_TIME.dir/second_INT_CPU_TIME.f.o CMakeFiles/secondtst_INT_CPU_TIME.dir/secondtst.f.o -o secondtst_INT_CPU_TIME
gmake[3]: Leaving directory '/home/runner/work/theblas/theblas/build-netlib/_deps/reference_lapack-build/INSTALL'
[100%] Built target secondtst_INT_CPU_TIME
gmake[2]: Leaving directory '/home/runner/work/theblas/theblas/build-netlib/_deps/reference_lapack-build/INSTALL'
/usr/local/bin/cmake -E cmake_progress_start /home/runner/work/theblas/theblas/build-netlib/_deps/reference_lapack-build/INSTALL/CMakeFiles 0
gmake[1]: Leaving directory '/home/runner/work/theblas/theblas/build-netlib/_deps/reference_lapack-build/INSTALL'

 

Fortran INT_ETIME exists. Change Dir: '/home/runner/work/theblas/theblas/build-netlib/_deps/reference_lapack-build/INSTALL'

Run Build Command(s): /usr/local/bin/cmake -E env VERBOSE=1 /usr/bin/gmake -f Makefile secondtst_INT_ETIME
/usr/local/bin/cmake -S/home/runner/work/theblas/theblas/build-netlib/_deps/reference_lapack-src/INSTALL -B/home/runner/work/theblas/theblas/build-netlib/_deps/reference_lapack-build/INSTALL --check-build-system CMakeFiles/Makefile.cmake 0
/usr/bin/gmake  -f CMakeFiles/Makefile2 secondtst_INT_ETIME
gmake[1]: Entering directory '/home/runner/work/theblas/theblas/build-netlib/_deps/reference_lapack-build/INSTALL'
/usr/local/bin/cmake -S/home/runner/work/theblas/theblas/build-netlib/_deps/reference_lapack-src/INSTALL -B/home/runner/work/theblas/theblas/build-netlib/_deps/reference_lapack-build/INSTALL --check-build-system CMakeFiles/Makefile.cmake 0
/usr/local/bin/cmake -E cmake_progress_start /home/runner/work/theblas/theblas/build-netlib/_deps/reference_lapack-build/INSTALL/CMakeFiles 3
/usr/bin/gmake  -f CMakeFiles/Makefile2 CMakeFiles/secondtst_INT_ETIME.dir/all
gmake[2]: Entering directory '/home/runner/work/theblas/theblas/build-netlib/_deps/reference_lapack-build/INSTALL'
/usr/bin/gmake  -f CMakeFiles/secondtst_INT_ETIME.dir/build.make CMakeFiles/secondtst_INT_ETIME.dir/depend
gmake[3]: Entering directory '/home/runner/work/theblas/theblas/build-netlib/_deps/reference_lapack-build/INSTALL'
cd /home/runner/work/theblas/theblas/build-netlib/_deps/reference_lapack-build/INSTALL && /usr/local/bin/cmake -E cmake_depends "Unix Makefiles" /home/runner/work/theblas/theblas/build-netlib/_deps/reference_lapack-src/INSTALL /home/runner/work/theblas/theblas/build-netlib/_deps/reference_lapack-src/INSTALL /home/runner/work/theblas/theblas/build-netlib/_deps/reference_lapack-build/INSTALL /home/runner/work/theblas/theblas/build-netlib/_deps/reference_lapack-build/INSTALL /home/runner/work/theblas/theblas/build-netlib/_deps/reference_lapack-build/INSTALL/CMakeFiles/secondtst_INT_ETIME.dir/DependInfo.cmake
Dependee "/home/runner/work/theblas/theblas/build-netlib/_deps/reference_lapack-build/INSTALL/CMakeFiles/secondtst_INT_ETIME.dir/DependInfo.cmake" is newer than depender "/home/runner/work/theblas/theblas/build-netlib/_deps/reference_lapack-build/INSTALL/CMakeFiles/secondtst_INT_ETIME.dir/depend.internal".
Dependee "/home/runner/work/theblas/theblas/build-netlib/_deps/reference_lapack-build/INSTALL/CMakeFiles/CMakeDirectoryInformation.cmake" is newer than depender "/home/runner/work/theblas/theblas/build-netlib/_deps/reference_lapack-build/INSTALL/CMakeFiles/secondtst_INT_ETIME.dir/depend.internal".
Scanning dependencies of target secondtst_INT_ETIME
gmake[3]: Leaving directory '/home/runner/work/theblas/theblas/build-netlib/_deps/reference_lapack-build/INSTALL'
/usr/bin/gmake  -f CMakeFiles/secondtst_INT_ETIME.dir/build.make CMakeFiles/secondtst_INT_ETIME.dir/build
gmake[3]: Entering directory '/home/runner/work/theblas/theblas/build-netlib/_deps/reference_lapack-build/INSTALL'
[ 33%] Building Fortran object CMakeFiles/secondtst_INT_ETIME.dir/second_INT_ETIME.f.o
/usr/bin/gfortran   -frecursive -c /home/runner/work/theblas/theblas/build-netlib/_deps/reference_lapack-src/INSTALL/second_INT_ETIME.f -o CMakeFiles/secondtst_INT_ETIME.dir/second_INT_ETIME.f.o
[ 66%] Building Fortran object CMakeFiles/secondtst_INT_ETIME.dir/secondtst.f.o
/usr/bin/gfortran   -frecursive -c /home/runner/work/theblas/theblas/build-netlib/_deps/reference_lapack-src/INSTALL/secondtst.f -o CMakeFiles/secondtst_INT_ETIME.dir/secondtst.f.o
[100%] Linking Fortran executable secondtst_INT_ETIME
/usr/local/bin/cmake -E cmake_link_script CMakeFiles/secondtst_INT_ETIME.dir/link.txt --verbose=1
/usr/bin/gfortran CMakeFiles/secondtst_INT_ETIME.dir/second_INT_ETIME.f.o CMakeFiles/secondtst_INT_ETIME.dir/secondtst.f.o -o secondtst_INT_ETIME
gmake[3]: Leaving directory '/home/runner/work/theblas/theblas/build-netlib/_deps/reference_lapack-build/INSTALL'
[100%] Built target secondtst_INT_ETIME
gmake[2]: Leaving directory '/home/runner/work/theblas/theblas/build-netlib/_deps/reference_lapack-build/INSTALL'
/usr/local/bin/cmake -E cmake_progress_start /home/runner/work/theblas/theblas/build-netlib/_deps/reference_lapack-build/INSTALL/CMakeFiles 0
gmake[1]: Leaving directory '/home/runner/work/theblas/theblas/build-netlib/_deps/reference_lapack-build/INSTALL'

 

